DEFINED_CRT_ORG_CODE            = $0001 ; const, local, , vz_crt0, , zcc_opt.def:3
CRT_ORG_CODE                    = $8000 ; const, local, , vz_crt0, , zcc_opt.def:4
TAR__no_ansifont                = $0001 ; const, local, , vz_crt0, , C:\progra~1\Z88DK\lib\config\\..\..\\lib\target\vz\classic\vz_crt0.asm:48
TAR__clib_exit_stack_size       = $0020 ; const, local, , vz_crt0, , C:\progra~1\Z88DK\lib\config\\..\..\\lib\target\vz\classic\vz_crt0.asm:49
TAR__register_sp                = $FFFFFFFF ; const, local, , vz_crt0, , C:\progra~1\Z88DK\lib\config\\..\..\\lib\target\vz\classic\vz_crt0.asm:50
CRT_INITIALIZE_BSS              = $0001 ; const, local, , vz_crt0, , C:/progra~1/Z88DK/lib/../lib/crt/classic/crt_rules.inc:3
__register_sp                   = $FFFFFFFF ; const, local, , vz_crt0, , C:/progra~1/Z88DK/lib/../lib/crt/classic/crt_rules.inc:13
CRT_ENABLE_STDIO                = $0001 ; const, local, , vz_crt0, , C:/progra~1/Z88DK/lib/../lib/crt/classic/crt_rules.inc:21
__MMAP                          = $0000 ; const, local, , vz_crt0, , C:/progra~1/Z88DK/lib/../lib/crt/classic/crt_rules.inc:94
start                           = $8000 ; addr, local, , vz_crt0, , C:\progra~1\Z88DK\lib\config\\..\..\\lib\target\vz\classic\vz_crt0.asm:101
start1                          = $8018 ; addr, local, , vz_crt0, , C:\progra~1\Z88DK\lib\config\\..\..\\lib\target\vz\classic\vz_crt0.asm:127
crt0_init_bss                   = $82EB ; addr, local, , vz_crt0, code_crt_init, C:/progra~1/Z88DK/lib/../lib/crt/classic/crt_section.asm:24
CLIB_OPT_PRINTF                 = $801BF7BF ; const, local, , vz_crt0, , C:/progra~1/Z88DK/lib/../lib/crt/classic/crt_runtime_selection.asm:170
DEFINED_fputc_cons              = $0001 ; const, local, , vz_crt0, , C:/progra~1/Z88DK/lib/../lib/crt/classic/crt_runtime_selection.asm:459
CLIB_FOPEN_MAX                  = $000A ; const, local, , vz_crt0, bss_crt, C:/progra~1/Z88DK/lib/../lib/crt/classic/crt_section.asm:89
i_2                             = $831A ; addr, local, , nitro_c, code_compiler, nitro.c:26
i_3                             = $832C ; addr, local, , nitro_c, code_compiler, nitro.c:35
begin                           = $801F ; addr, local, , nitro_asm, , nitro.asm:10
sdata                           = $81A6 ; addr, local, , nitro_asm, , nitro.asm:221
dptr                            = $812A ; addr, local, , nitro_asm, , nitro.asm:204
eptr                            = $812B ; addr, local, , nitro_asm, , nitro.asm:205
rdata                           = $802E ; addr, local, , nitro_asm, , nitro.asm:23
sw2                             = $80DA ; addr, local, , nitro_asm, , nitro.asm:141
nsw2                            = $80F8 ; addr, local, , nitro_asm, , nitro.asm:171
rd2                             = $8051 ; addr, local, , nitro_asm, , nitro.asm:40
rd1                             = $8064 ; addr, local, , nitro_asm, , nitro.asm:53
drum1                           = $810B ; addr, local, , nitro_asm, , nitro.asm:184
drum2                           = $8100 ; addr, local, , nitro_asm, , nitro.asm:177
sadj                            = $8075 ; addr, local, , nitro_asm, , nitro.asm:66
sw1                             = $80CA ; addr, local, , nitro_asm, , nitro.asm:130
dloop                           = $807C ; addr, local, , nitro_asm, , nitro.asm:70
skm1                            = $808E ; addr, local, , nitro_asm, , nitro.asm:85
pwtab                           = $812C ; addr, local, , nitro_asm, , nitro.asm:207
pw0                             = $8138 ; addr, local, , nitro_asm, , nitro.asm:210
pwtlp                           = $8099 ; addr, local, , nitro_asm, , nitro.asm:92
pwtlp1                          = $809D ; addr, local, , nitro_asm, , nitro.asm:96
skch2                           = $80B1 ; addr, local, , nitro_asm, , nitro.asm:112
rinit                           = $80B5 ; addr, local, , nitro_asm, , nitro.asm:117
sndlp                           = $80BD ; addr, local, , nitro_asm, , nitro.asm:122
s1                              = $80C2 ; addr, local, , nitro_asm, , nitro.asm:125
note2                           = $80F7 ; addr, local, , nitro_asm, , nitro.asm:170
swr                             = $80D6 ; addr, local, , nitro_asm, , nitro.asm:138
exit                            = $80ED ; addr, local, , nitro_asm, , nitro.asm:161
dlpx                            = $811B ; addr, local, , nitro_asm, , nitro.asm:194
dlp2                            = $8103 ; addr, local, , nitro_asm, , nitro.asm:178
dlp3                            = $8110 ; addr, local, , nitro_asm, , nitro.asm:186
dlp4                            = $8113 ; addr, local, , nitro_asm, , nitro.asm:187
STANDARDESCAPECHARS             = $0001 ; const, local, , fputc_cons, ,
nocls                           = $83C5 ; addr, local, , fputc_cons, code_clib, stdio/vz200/fputc_cons.asm:38
notCR                           = $83CD ; addr, local, , fputc_cons, code_clib, stdio/vz200/fputc_cons.asm:45
setout                          = $83DB ; addr, local, , fputc_cons, code_clib, stdio/vz200/fputc_cons.asm:61
nounder                         = $83D5 ; addr, local, , fputc_cons, code_clib, stdio/vz200/fputc_cons.asm:53
noupper                         = $83DB ; addr, local, , fputc_cons, code_clib, stdio/vz200/fputc_cons.asm:59
i_4                             = $833B ; addr, local, , closeall_c, code_compiler, closeall.c:31
i_2                             = $8335 ; addr, local, , closeall_c, code_compiler, closeall.c:26
i_3                             = $8366 ; addr, local, , closeall_c, code_compiler, closeall.c:62
i_5                             = $8363 ; addr, local, , closeall_c, code_compiler, closeall.c:60
i_6                             = $8363 ; addr, local, , closeall_c, code_compiler, closeall.c:59
fp_extra                        = $0004 ; const, local, , fclose_c, , fclose.c:20
fclose_inuse                    = $8379 ; addr, local, , fclose_c, code_compiler, fclose.c:52
fclose_error                    = $8375 ; addr, local, , fclose_c, code_compiler, fclose.c:49
fclose_success                  = $83AA ; addr, local, , fclose_c, code_compiler, fclose.c:96
fclose_no_net                   = $839A ; addr, local, , fclose_c, code_compiler, fclose.c:78
fclose_check_success            = $83A5 ; addr, local, , fclose_c, code_compiler, fclose.c:86
cleanup                         = $8013 ; addr, public, , vz_crt0, , C:\progra~1\Z88DK\lib\config\\..\..\\lib\target\vz\classic\vz_crt0.asm:117
l_dcal                          = $801E ; addr, public, , vz_crt0, , C:\progra~1\Z88DK\lib\config\\..\..\\lib\target\vz\classic\vz_crt0.asm:131
__CRT_KEY_DEL                   = $0008 ; const, public, , vz_crt0, , C:/progra~1/Z88DK/lib/../lib/crt/classic/crt_rules.inc:39
__CRT_KEY_CAPS_LOCK             = $0006 ; const, public, , vz_crt0, , C:/progra~1/Z88DK/lib/../lib/crt/classic/crt_rules.inc:46
__CPU_CLOCK                     = $39FBC0 ; const, public, , vz_crt0, , C:\progra~1\Z88DK\lib\config\\..\..\\lib\target\vz\classic\vz_crt0.asm:51
__CLIB_CONIO_NATIVE_COLOUR      = $0000 ; const, public, , vz_crt0, , C:/progra~1/Z88DK/lib/../lib/crt/classic/crt_rules.inc:58
__CLIB_FGETC_CONS_DELAY         = $0032 ; const, public, , vz_crt0, , C:/progra~1/Z88DK/lib/../lib/crt/classic/crt_rules.inc:67
CLIB_32BIT_FLOATS               = $0000 ; const, public, , vz_crt0, , C:/progra~1/Z88DK/lib/../lib/crt/classic/crt_rules.inc:82
CLIB_64BIT_FLOATS               = $0000 ; const, public, , vz_crt0, , C:/progra~1/Z88DK/lib/../lib/crt/classic/crt_rules.inc:86
__clib_exit_stack_size          = $0020 ; const, public, , vz_crt0, , C:/progra~1/Z88DK/lib/../lib/crt/classic/crt_rules.inc:28
fputc_cons                      = $83B4 ; addr, public, , vz_crt0, , C:/progra~1/Z88DK/lib/../lib/crt/classic/crt_runtime_selection.asm:462
_fputc_cons                     = $83B4 ; addr, public, , vz_crt0, , C:/progra~1/Z88DK/lib/../lib/crt/classic/crt_runtime_selection.asm:471
CONSOLE_COLUMNS                 = $0020 ; const, public, , vz_crt0, , C:\progra~1\Z88DK\lib\config\\..\..\\lib\target\vz\classic\vz_crt0.asm:44
CONSOLE_ROWS                    = $0010 ; const, public, , vz_crt0, , C:\progra~1\Z88DK\lib\config\\..\..\\lib\target\vz\classic\vz_crt0.asm:43
__sgoioblk                      = $8403 ; addr, public, , vz_crt0, bss_crt, C:/progra~1/Z88DK/lib/../lib/crt/classic/crt_section.asm:95
__sgoioblk_end                  = $8467 ; addr, public, , vz_crt0, bss_crt, C:/progra~1/Z88DK/lib/../lib/crt/classic/crt_section.asm:96
__FOPEN_MAX                     = $000A ; const, public, , vz_crt0, bss_crt, C:/progra~1/Z88DK/lib/../lib/crt/classic/crt_section.asm:94
base_graphics                   = $8467 ; addr, public, , vz_crt0, bss_crt, C:/progra~1/Z88DK/lib/../lib/crt/classic/crt_section.asm:102
exitsp                          = $8469 ; addr, public, , vz_crt0, bss_crt, C:/progra~1/Z88DK/lib/../lib/crt/classic/crt_section.asm:104
exitcount                       = $846B ; addr, public, , vz_crt0, bss_crt, C:/progra~1/Z88DK/lib/../lib/crt/classic/crt_section.asm:105
_main                           = $8311 ; addr, public, , nitro_c, code_compiler, nitro.c:20
_inittitlemusic                 = $801F ; addr, public, , nitro_asm, , nitro.asm:2
_playtitlemusic                 = $802E ; addr, public, , nitro_asm, , nitro.asm:22
fputc_cons_native               = $83B4 ; addr, public, , fputc_cons, code_clib, stdio/vz200/fputc_cons.asm:28
_closeall                       = $832E ; addr, public, , closeall_c, code_compiler, closeall.c:22
closeall                        = $832E ; addr, public, , closeall_c, code_compiler, closeall.c:20
fabandon                        = $83DE ; addr, public, , fabandon, code_clib, fabandon.asm:8
_fabandon                       = $83DE ; addr, public, , fabandon, code_clib, fabandon.asm:9
_fclose                         = $8368 ; addr, public, , fclose_c, code_compiler, fclose.c:33
fclose                          = $8368 ; addr, public, , fclose_c, code_compiler, fclose.c:31
close                           = $83EB ; addr, public, , close, code_clib, close.asm:11
_close                          = $83EB ; addr, public, , close, code_clib, close.asm:12
l_gt                            = $83EC ; addr, public, , l_gt, code_crt0_sccz80, z80/sccz80/l_gt.asm:15
l_compare_result                = $83FC ; addr, public, , l_compare_result, code_crt0_sccz80, z80/sccz80/l_compare_result.asm:4
l_jphl                          = $8402 ; addr, public, , l_jphl, code_crt0_sccz80, z80/sccz80/l_jphl.asm:9
__head                          = $7FE8 ; const, public, def, , ,
__tail                          = $846C ; const, public, def, , ,
__size                          = $0484 ; const, public, def, , ,
__CODE_head                     = $82EB ; const, public, def, , ,
__CODE_tail                     = $82EB ; const, public, def, , ,
__CODE_size                     = $0000 ; const, public, def, , ,
__code_crt_init_head            = $82EB ; const, public, def, , ,
__code_crt_init_tail            = $8310 ; const, public, def, , ,
__code_crt_init_size            = $0025 ; const, public, def, , ,
__code_crt_exit_head            = $8310 ; const, public, def, , ,
__code_crt_exit_tail            = $8311 ; const, public, def, , ,
__code_crt_exit_size            = $0001 ; const, public, def, , ,
__code_driver_head              = $8311 ; const, public, def, , ,
__code_driver_tail              = $8311 ; const, public, def, , ,
__code_driver_size              = $0000 ; const, public, def, , ,
__rodata_driver_head            = $8311 ; const, public, def, , ,
__rodata_driver_tail            = $8311 ; const, public, def, , ,
__rodata_driver_size            = $0000 ; const, public, def, , ,
__code_compiler_head            = $8311 ; const, public, def, , ,
__code_compiler_tail            = $83B4 ; const, public, def, , ,
__code_compiler_size            = $00A3 ; const, public, def, , ,
__code_clib_head                = $83B4 ; const, public, def, , ,
__code_clib_tail                = $83EC ; const, public, def, , ,
__code_clib_size                = $0038 ; const, public, def, , ,
__code_crt0_sccz80_head         = $83EC ; const, public, def, , ,
__code_crt0_sccz80_tail         = $8403 ; const, public, def, , ,
__code_crt0_sccz80_size         = $0017 ; const, public, def, , ,
__code_l_head                   = $8403 ; const, public, def, , ,
__code_l_tail                   = $8403 ; const, public, def, , ,
__code_l_size                   = $0000 ; const, public, def, , ,
__code_l_sdcc_head              = $8403 ; const, public, def, , ,
__code_l_sdcc_tail              = $8403 ; const, public, def, , ,
__code_l_sdcc_size              = $0000 ; const, public, def, , ,
__code_l_sccz80_head            = $8403 ; const, public, def, , ,
__code_l_sccz80_tail            = $8403 ; const, public, def, , ,
__code_l_sccz80_size            = $0000 ; const, public, def, , ,
__code_compress_zx7_head        = $8403 ; const, public, def, , ,
__code_compress_zx7_tail        = $8403 ; const, public, def, , ,
__code_compress_zx7_size        = $0000 ; const, public, def, , ,
__code_ctype_head               = $8403 ; const, public, def, , ,
__code_ctype_tail               = $8403 ; const, public, def, , ,
__code_ctype_size               = $0000 ; const, public, def, , ,
__code_esxdos_head              = $8403 ; const, public, def, , ,
__code_esxdos_tail              = $8403 ; const, public, def, , ,
__code_esxdos_size              = $0000 ; const, public, def, , ,
__code_fp_head                  = $8403 ; const, public, def, , ,
__code_fp_tail                  = $8403 ; const, public, def, , ,
__code_fp_size                  = $0000 ; const, public, def, , ,
__code_fp_math48_head           = $8403 ; const, public, def, , ,
__code_fp_math48_tail           = $8403 ; const, public, def, , ,
__code_fp_math48_size           = $0000 ; const, public, def, , ,
__code_fp_math32_head           = $8403 ; const, public, def, , ,
__code_fp_math32_tail           = $8403 ; const, public, def, , ,
__code_fp_math32_size           = $0000 ; const, public, def, , ,
__code_fp_mbf32_head            = $8403 ; const, public, def, , ,
__code_fp_mbf32_tail            = $8403 ; const, public, def, , ,
__code_fp_mbf32_size            = $0000 ; const, public, def, , ,
__code_fp_mbf64_head            = $8403 ; const, public, def, , ,
__code_fp_mbf64_tail            = $8403 ; const, public, def, , ,
__code_fp_mbf64_size            = $0000 ; const, public, def, , ,
__code_math_head                = $8403 ; const, public, def, , ,
__code_math_tail                = $8403 ; const, public, def, , ,
__code_math_size                = $0000 ; const, public, def, , ,
__code_error_head               = $8403 ; const, public, def, , ,
__code_error_tail               = $8403 ; const, public, def, , ,
__code_error_size               = $0000 ; const, public, def, , ,
__code_stdlib_head              = $8403 ; const, public, def, , ,
__code_stdlib_tail              = $8403 ; const, public, def, , ,
__code_stdlib_size              = $0000 ; const, public, def, , ,
__code_string_head              = $8403 ; const, public, def, , ,
__code_string_tail              = $8403 ; const, public, def, , ,
__code_string_size              = $0000 ; const, public, def, , ,
__code_adt_b_array_head         = $8403 ; const, public, def, , ,
__code_adt_b_array_tail         = $8403 ; const, public, def, , ,
__code_adt_b_array_size         = $0000 ; const, public, def, , ,
__code_adt_b_vector_head        = $8403 ; const, public, def, , ,
__code_adt_b_vector_tail        = $8403 ; const, public, def, , ,
__code_adt_b_vector_size        = $0000 ; const, public, def, , ,
__code_adt_ba_priority_queue_head = $8403 ; const, public, def, , ,
__code_adt_ba_priority_queue_tail = $8403 ; const, public, def, , ,
__code_adt_ba_priority_queue_size = $0000 ; const, public, def, , ,
__code_adt_ba_stack_head        = $8403 ; const, public, def, , ,
__code_adt_ba_stack_tail        = $8403 ; const, public, def, , ,
__code_adt_ba_stack_size        = $0000 ; const, public, def, , ,
__code_adt_bv_priority_queue_head = $8403 ; const, public, def, , ,
__code_adt_bv_priority_queue_tail = $8403 ; const, public, def, , ,
__code_adt_bv_priority_queue_size = $0000 ; const, public, def, , ,
__code_adt_bv_stack_head        = $8403 ; const, public, def, , ,
__code_adt_bv_stack_tail        = $8403 ; const, public, def, , ,
__code_adt_bv_stack_size        = $0000 ; const, public, def, , ,
__code_adt_p_forward_list_head  = $8403 ; const, public, def, , ,
__code_adt_p_forward_list_tail  = $8403 ; const, public, def, , ,
__code_adt_p_forward_list_size  = $0000 ; const, public, def, , ,
__code_adt_p_forward_list_alt_head = $8403 ; const, public, def, , ,
__code_adt_p_forward_list_alt_tail = $8403 ; const, public, def, , ,
__code_adt_p_forward_list_alt_size = $0000 ; const, public, def, , ,
__code_adt_p_list_head          = $8403 ; const, public, def, , ,
__code_adt_p_list_tail          = $8403 ; const, public, def, , ,
__code_adt_p_list_size          = $0000 ; const, public, def, , ,
__code_adt_p_queue_head         = $8403 ; const, public, def, , ,
__code_adt_p_queue_tail         = $8403 ; const, public, def, , ,
__code_adt_p_queue_size         = $0000 ; const, public, def, , ,
__code_adt_p_stack_head         = $8403 ; const, public, def, , ,
__code_adt_p_stack_tail         = $8403 ; const, public, def, , ,
__code_adt_p_stack_size         = $0000 ; const, public, def, , ,
__code_adt_w_array_head         = $8403 ; const, public, def, , ,
__code_adt_w_array_tail         = $8403 ; const, public, def, , ,
__code_adt_w_array_size         = $0000 ; const, public, def, , ,
__code_adt_w_vector_head        = $8403 ; const, public, def, , ,
__code_adt_w_vector_tail        = $8403 ; const, public, def, , ,
__code_adt_w_vector_size        = $0000 ; const, public, def, , ,
__code_adt_wa_priority_queue_head = $8403 ; const, public, def, , ,
__code_adt_wa_priority_queue_tail = $8403 ; const, public, def, , ,
__code_adt_wa_priority_queue_size = $0000 ; const, public, def, , ,
__code_adt_wa_stack_head        = $8403 ; const, public, def, , ,
__code_adt_wa_stack_tail        = $8403 ; const, public, def, , ,
__code_adt_wa_stack_size        = $0000 ; const, public, def, , ,
__code_adt_wv_priority_queue_head = $8403 ; const, public, def, , ,
__code_adt_wv_priority_queue_tail = $8403 ; const, public, def, , ,
__code_adt_wv_priority_queue_size = $0000 ; const, public, def, , ,
__code_adt_wv_stack_head        = $8403 ; const, public, def, , ,
__code_adt_wv_stack_tail        = $8403 ; const, public, def, , ,
__code_adt_wv_stack_size        = $0000 ; const, public, def, , ,
__code_alloc_balloc_head        = $8403 ; const, public, def, , ,
__code_alloc_balloc_tail        = $8403 ; const, public, def, , ,
__code_alloc_balloc_size        = $0000 ; const, public, def, , ,
__code_alloc_obstack_head       = $8403 ; const, public, def, , ,
__code_alloc_obstack_tail       = $8403 ; const, public, def, , ,
__code_alloc_obstack_size       = $0000 ; const, public, def, , ,
__code_arch_head                = $8403 ; const, public, def, , ,
__code_arch_tail                = $8403 ; const, public, def, , ,
__code_arch_size                = $0000 ; const, public, def, , ,
__code_font_head                = $8403 ; const, public, def, , ,
__code_font_tail                = $8403 ; const, public, def, , ,
__code_font_size                = $0000 ; const, public, def, , ,
__code_font_fzx_head            = $8403 ; const, public, def, , ,
__code_font_fzx_tail            = $8403 ; const, public, def, , ,
__code_font_fzx_size            = $0000 ; const, public, def, , ,
__code_z80_head                 = $8403 ; const, public, def, , ,
__code_z80_tail                 = $8403 ; const, public, def, , ,
__code_z80_size                 = $0000 ; const, public, def, , ,
__code_graphics_head            = $8403 ; const, public, def, , ,
__code_graphics_tail            = $8403 ; const, public, def, , ,
__code_graphics_size            = $0000 ; const, public, def, , ,
__code_user_head                = $8403 ; const, public, def, , ,
__code_user_tail                = $8403 ; const, public, def, , ,
__code_user_size                = $0000 ; const, public, def, , ,
__rodata_fp_head                = $8403 ; const, public, def, , ,
__rodata_fp_tail                = $8403 ; const, public, def, , ,
__rodata_fp_size                = $0000 ; const, public, def, , ,
__rodata_fp_math32_head         = $8403 ; const, public, def, , ,
__rodata_fp_math32_tail         = $8403 ; const, public, def, , ,
__rodata_fp_math32_size         = $0000 ; const, public, def, , ,
__rodata_fp_mbf32_head          = $8403 ; const, public, def, , ,
__rodata_fp_mbf32_tail          = $8403 ; const, public, def, , ,
__rodata_fp_mbf32_size          = $0000 ; const, public, def, , ,
__rodata_fp_mbf64_head          = $8403 ; const, public, def, , ,
__rodata_fp_mbf64_tail          = $8403 ; const, public, def, , ,
__rodata_fp_mbf64_size          = $0000 ; const, public, def, , ,
__rodata_compiler_head          = $8403 ; const, public, def, , ,
__rodata_compiler_tail          = $8403 ; const, public, def, , ,
__rodata_compiler_size          = $0000 ; const, public, def, , ,
__rodata_clib_head              = $8403 ; const, public, def, , ,
__rodata_clib_tail              = $8403 ; const, public, def, , ,
__rodata_clib_size              = $0000 ; const, public, def, , ,
__rodata_user_head              = $8403 ; const, public, def, , ,
__rodata_user_tail              = $8403 ; const, public, def, , ,
__rodata_user_size              = $0000 ; const, public, def, , ,
__rodata_font_head              = $8403 ; const, public, def, , ,
__rodata_font_tail              = $8403 ; const, public, def, , ,
__rodata_font_size              = $0000 ; const, public, def, , ,
__rodata_font_fzx_head          = $8403 ; const, public, def, , ,
__rodata_font_fzx_tail          = $8403 ; const, public, def, , ,
__rodata_font_fzx_size          = $0000 ; const, public, def, , ,
__rodata_font_4x8_head          = $8403 ; const, public, def, , ,
__rodata_font_4x8_tail          = $8403 ; const, public, def, , ,
__rodata_font_4x8_size          = $0000 ; const, public, def, , ,
__rodata_font_8x8_head          = $8403 ; const, public, def, , ,
__rodata_font_8x8_tail          = $8403 ; const, public, def, , ,
__rodata_font_8x8_size          = $0000 ; const, public, def, , ,
__ROMABLE_END_head              = $8403 ; const, public, def, , ,
__ROMABLE_END_tail              = $8403 ; const, public, def, , ,
__ROMABLE_END_size              = $0000 ; const, public, def, , ,
__DATA_head                     = $8403 ; const, public, def, , ,
__DATA_tail                     = $8403 ; const, public, def, , ,
__DATA_size                     = $0000 ; const, public, def, , ,
__smc_clib_head                 = $8403 ; const, public, def, , ,
__smc_clib_tail                 = $8403 ; const, public, def, , ,
__smc_clib_size                 = $0000 ; const, public, def, , ,
__smc_user_head                 = $8403 ; const, public, def, , ,
__smc_user_tail                 = $8403 ; const, public, def, , ,
__smc_user_size                 = $0000 ; const, public, def, , ,
__data_clib_head                = $8403 ; const, public, def, , ,
__data_clib_tail                = $8403 ; const, public, def, , ,
__data_clib_size                = $0000 ; const, public, def, , ,
__data_stdlib_head              = $8403 ; const, public, def, , ,
__data_stdlib_tail              = $8403 ; const, public, def, , ,
__data_stdlib_size              = $0000 ; const, public, def, , ,
__data_crt_head                 = $8403 ; const, public, def, , ,
__data_crt_tail                 = $8403 ; const, public, def, , ,
__data_crt_size                 = $0000 ; const, public, def, , ,
__data_compiler_head            = $8403 ; const, public, def, , ,
__data_compiler_tail            = $8403 ; const, public, def, , ,
__data_compiler_size            = $0000 ; const, public, def, , ,
__data_user_head                = $8403 ; const, public, def, , ,
__data_user_tail                = $8403 ; const, public, def, , ,
__data_user_size                = $0000 ; const, public, def, , ,
__data_alloc_balloc_head        = $8403 ; const, public, def, , ,
__data_alloc_balloc_tail        = $8403 ; const, public, def, , ,
__data_alloc_balloc_size        = $0000 ; const, public, def, , ,
__DATA_END_head                 = $8403 ; const, public, def, , ,
__DATA_END_tail                 = $8403 ; const, public, def, , ,
__DATA_END_size                 = $0000 ; const, public, def, , ,
__BSS_head                      = $8403 ; const, public, def, , ,
__BSS_tail                      = $8403 ; const, public, def, , ,
__BSS_size                      = $0000 ; const, public, def, , ,
__bss_fp_head                   = $8403 ; const, public, def, , ,
__bss_fp_tail                   = $8403 ; const, public, def, , ,
__bss_fp_size                   = $0000 ; const, public, def, , ,
__bss_fp_math32_head            = $8403 ; const, public, def, , ,
__bss_fp_math32_tail            = $8403 ; const, public, def, , ,
__bss_fp_math32_size            = $0000 ; const, public, def, , ,
__bss_fp_mbf32_head             = $8403 ; const, public, def, , ,
__bss_fp_mbf32_tail             = $8403 ; const, public, def, , ,
__bss_fp_mbf32_size             = $0000 ; const, public, def, , ,
__bss_fp_mbf64_head             = $8403 ; const, public, def, , ,
__bss_fp_mbf64_tail             = $8403 ; const, public, def, , ,
__bss_fp_mbf64_size             = $0000 ; const, public, def, , ,
__bss_error_head                = $8403 ; const, public, def, , ,
__bss_error_tail                = $8403 ; const, public, def, , ,
__bss_error_size                = $0000 ; const, public, def, , ,
__bss_crt_head                  = $8403 ; const, public, def, , ,
__bss_crt_tail                  = $846C ; const, public, def, , ,
__bss_crt_size                  = $0069 ; const, public, def, , ,
__bss_fardata_head              = $846C ; const, public, def, , ,
__bss_fardata_tail              = $846C ; const, public, def, , ,
__bss_fardata_size              = $0000 ; const, public, def, , ,
__bss_compiler_head             = $846C ; const, public, def, , ,
__bss_compiler_tail             = $846C ; const, public, def, , ,
__bss_compiler_size             = $0000 ; const, public, def, , ,
__bss_driver_head               = $846C ; const, public, def, , ,
__bss_driver_tail               = $846C ; const, public, def, , ,
__bss_driver_size               = $0000 ; const, public, def, , ,
__bss_clib_head                 = $846C ; const, public, def, , ,
__bss_clib_tail                 = $846C ; const, public, def, , ,
__bss_clib_size                 = $0000 ; const, public, def, , ,
__bss_string_head               = $846C ; const, public, def, , ,
__bss_string_tail               = $846C ; const, public, def, , ,
__bss_string_size               = $0000 ; const, public, def, , ,
__bss_alloc_balloc_head         = $846C ; const, public, def, , ,
__bss_alloc_balloc_tail         = $846C ; const, public, def, , ,
__bss_alloc_balloc_size         = $0000 ; const, public, def, , ,
__bss_graphics_head             = $846C ; const, public, def, , ,
__bss_graphics_tail             = $846C ; const, public, def, , ,
__bss_graphics_size             = $0000 ; const, public, def, , ,
__bss_user_head                 = $846C ; const, public, def, , ,
__bss_user_tail                 = $846C ; const, public, def, , ,
__bss_user_size                 = $0000 ; const, public, def, , ,
__BSS_END_head                  = $846C ; const, public, def, , ,
__BSS_END_tail                  = $846C ; const, public, def, , ,
__BSS_END_size                  = $0000 ; const, public, def, , ,
